../Core/Src/balanserer.c:29:9:calc_crc4	24	static
../Core/Src/balanserer.c:41:10:build_balance_command	24	static
../Core/Src/balanserer.c:50:6:make_config_bytes	24	static
../Core/Src/balanserer.c:61:5:compare_floats	24	static
../Core/Src/balanserer.c:67:6:determine_cell_actions	80	static
../Core/Src/balanserer.c:88:6:Balanserer_WriteConfig	16	static
../Core/Src/balanserer.c:96:6:Balanserer_ReadConfig	16	static
../Core/Src/balanserer.c:103:6:Balanserer_ReadStatus	16	static
../Core/Src/balanserer.c:110:6:Balanserer_VerifyConfig	32	static
../Core/Src/balanserer.c:129:6:Balanserer_ExecuteBalancing	8	static
../Core/Src/balanserer.c:136:6:Balanserer_StopBalancing	8	static
